[www.nokoutgames.com/index.html]
[backblue.gif]
[fade.gif]
[index.html]
[www.nokoutgames.com/css/custom.css]
[cdnjs.cloudflare.com/ajax/libs/font-awesome/5.15.3/css/all.min.css]
[cdn.jsdelivr.net/npm/bootstrap@4.6.0/dist/css/bootstrap.min.css]
[www.nokoutgames.com/images/favicon.png]
[maxcdn.bootstrapcdn.com/bootstrap/3.3.1/css/bootstrap.min.css]
[cdnjs.cloudflare.com/ajax/libs/font-awesome/4.7.0/css/font-awesome.min.css]
[www.nokoutgames.com/index-2.html]
[www.nokoutgames.com/images/logo.png]
[www.nokoutgames.com/about.html]
[www.nokoutgames.com/games.html]
[www.nokoutgames.com/joinus.html]
[www.nokoutgames.com/contact.html]
[www.nokoutgames.com/images/slide1.jpg]
[www.nokoutgames.com/images/app-store.png]
[www.nokoutgames.com/images/amazon-store.png]
[www.nokoutgames.com/terms.html]
[www.nokoutgames.com/privacy.html]
[ajax.googleapis.com/ajax/libs/jquery/3.5.1/jquery.min.js]
[code.jquery.com/jquery-3.5.1.slim.min.js]
[cdn.jsdelivr.net/npm/bootstrap@4.6.0/dist/js/bootstrap.bundle.min.js]
[www.nokoutgames.com/js/wow.js]
[www.nokoutgames.com/js/wow.min.js]
[www.nokoutgames.com/js/custom.js]
[ajax.googleapis.com/ajax/libs/jquery/1.11.1/jquery.min.js]
[www.nokoutgames.com/index.html]
[www.nokoutgames.com/css/animation.html]
[maxcdn.bootstrapcdn.com/bootstrap/3.3.1/js/bootstrap.min.js]
[www.nokoutgames.com/css/animate.css]
[www.nokoutgames.com/images/redline.jpg]
[www.nokoutgames.com/images/whatdriveng.png]
[www.nokoutgames.com/images/reddot.png]
[www.nokoutgames.com/images/publishing_section_2.jpg]
[www.nokoutgames.com/images/publishing-games-bg2.png]
[www.nokoutgames.com/images/contact-banner.jpg]
[www.nokoutgames.com/images/message.png]
[www.nokoutgames.com/images/apply1.jpg]
[www.nokoutgames.com/images/apply2.jpg]
[www.nokoutgames.com/images/career-bg.jpg]
[www.nokoutgames.com/css/custom.css]
[cdnjs.cloudflare.com/ajax/libs/font-awesome/5.15.3/css/all.min.css]
[cdn.jsdelivr.net/npm/bootstrap@4.6.0/dist/css/bootstrap.min.css]
[maxcdn.bootstrapcdn.com/bootstrap/3.3.1/css/bootstrap.min.css]
[cdnjs.cloudflare.com/ajax/libs/font-awesome/4.7.0/css/font-awesome.min.css]
[www.nokoutgames.com/index-2.html]
[www.nokoutgames.com/images/vision2.png]
[www.nokoutgames.com/images/vision3.png]
[www.nokoutgames.com/images/drivenus/passion.png]
[www.nokoutgames.com/images/drivenus/creator2.png]
[www.nokoutgames.com/images/drivenus/team.png]
[www.nokoutgames.com/images/drivenus/honest.png]
[www.nokoutgames.com/images/drivenus/Adventure.png]
[www.nokoutgames.com/images/drivenus/we-own.png]
[www.nokoutgames.com/images/drivenus/creator.png]
[www.nokoutgames.com/images/drivenus/fun.png]
[www.nokoutgames.com/images/staffs/akill.png]
[www.nokoutgames.com/images/staffs/ceo.png]
[www.nokoutgames.com/images/staffs/sathish.png]
[www.nokoutgames.com/images/staffs/ammayappan.png]
[www.nokoutgames.com/images/staffs/sheed.png]
[www.nokoutgames.com/images/staffs/pawan.png]
[www.nokoutgames.com/about.html]
[www.nokoutgames.com/images/gamne.png]
[www.nokoutgames.com/games.html]
[www.nokoutgames.com/popup/style.css]
[www.nokoutgames.com/css/owl.carousel.css]
[www.nokoutgames.com/images/career page banner.png]
[www.nokoutgames.com/images/submit.png]
[www.nokoutgames.com/images/line.png]
[www.nokoutgames.com/images/welcome.png]
[www.nokoutgames.com/popup/modernizr.js]
[www.nokoutgames.com/popup/velocity.min.js]
[cdnjs.cloudflare.com/ajax/libs/jquery/2.1.3/jquery.min.js]
[code.jquery.com/jquery-1.7.1.min.js]
[unpkg.com/sweetalert/dist/sweetalert.min.68.delayed]
[www.nokoutgames.com/joinus.html]
[unpkg.com/sweetalert@2.1.2/dist/sweetalert.min.js]
[www.google.com/recaptcha/api.js]
[www.nokoutgames.com/contact.html]
[www.nokoutgames.com/terms.html]
[www.nokoutgames.com/privacy.html]
[www.nokoutgames.com/css/animate.css]
[www.nokoutgames.com/img/span_bg.html]
[www.nokoutgames.com/img/best_bg-.html]
[www.nokoutgames.com/img/about/about_section_1_bg.html]
[www.nokoutgames.com/img/about/about_bg_innear.html]
[www.nokoutgames.com/img/about/point_bg.html]
[www.nokoutgames.com/img/about/like_bg.html]
[www.nokoutgames.com/img/about/project_bg.html]
[www.nokoutgames.com/img/soln/about_section_1_bg.html]
[www.nokoutgames.com/img/tab_bg_hover.html]
[www.nokoutgames.com/img/soln/tab_bg.html]
[www.nokoutgames.com/img/soln/tab_bg_hover.html]
[www.nokoutgames.com/img/soln/solutions_bg.html]
[www.nokoutgames.com/img/soln/liststyle.html]
[www.nokoutgames.com/img/soln/solutions_section_5_bg.html]
[www.nokoutgames.com/img/soln/solutions_section_inner_bg.html]
[www.nokoutgames.com/img/soln/featurebg.html]
[www.nokoutgames.com/img/soln/solutions_section_7_bg.html]
[www.nokoutgames.com/img/publishing/publishing_bg.html]
[www.nokoutgames.com/img/publishing/publishing-games-bg.html]
[www.nokoutgames.com/img/publishing/publishing_section_4.html]
[www.nokoutgames.com/img/publishing/more_games.html]
[www.nokoutgames.com/img/whygames/whygames_section_inner2.html]
[www.nokoutgames.com/img/whygames/whygames-bg.html]
[www.nokoutgames.com/img/whygames/whygames_section_3_bg.html]
[www.nokoutgames.com/img/whygames/game-app-bg.html]
[www.nokoutgames.com/img/whygames/dots-text_2ndarea.html]
[www.nokoutgames.com/img/whygames/publishing-games-bg2.html]
[www.nokoutgames.com/img/whygames/right_strategy.html]
[www.nokoutgames.com/img/whygames/joinus.html]
[www.nokoutgames.com/images/slide2.jpg]
[www.nokoutgames.com/images/staffs/balaji.png]
[www.nokoutgames.com/images/staffs/tony.png]
[www.nokoutgames.com/images/staffs/dummy.png]
[www.nokoutgames.com/images/play-store.png]
[www.nokoutgames.com/images/ring.png]
[www.nokoutgames.com/popup/style.css]
[www.nokoutgames.com/css/owl.carousel.css]
[www.nokoutgames.com/img/cd-icon-close.html]
[www.nokoutgames.com/css/owl.video.play.html]
[www.nokoutgames.com/css/owl.theme.css]
[www.nokoutgames.com/css/owl.theme.css]
[www.nokoutgames.com/js/jquery-1.9.1.min.js]
[www.nokoutgames.com/images/test.png]
[www.nokoutgames.com/images/interview.png]
[www.nokoutgames.com/popup/main.js]
